09:50:39 **** Build of project HelloWorld_bsp ****
make -k all 
libgen -hw ../hw_platform_0/system.xml\
	       \
	       -pe ps7_cortexa9_0 \
	       -log libgen.log \
	       system.mss
libgen
Xilinx EDK 2013.3 Build EDK_P.20131013
Copyright (c) 1995-2012 Xilinx, Inc.  All rights reserved.

Command Line: libgen -hw ../hw_platform_0/system.xml -pe ps7_cortexa9_0 -log
libgen.log system.mss 


Staging source files.
Running DRCs.
Running generate.
Running post_generate.
Running include - 'make -s include "COMPILER=arm-xilinx-eabi-gcc"
"ARCHIVER=arm-xilinx-eabi-ar" "COMPILER_FLAGS= -O2 -c"
"EXTRA_COMPILER_FLAGS=-g"'.

Running libs - 'make -s libs "COMPILER=arm-xilinx-eabi-gcc"
"ARCHIVER=arm-xilinx-eabi-ar" "COMPILER_FLAGS= -O2 -c"
"EXTRA_COMPILER_FLAGS=-g"'.
"Compiling standalone"
arm-xilinx-eabi-ar: creating ../../../lib/libxil.a
"Compiling devcfg"
"Compiling dmaps"
"Compiling scugic"
"Compiling scutimer"
"Compiling scuwdt"
"Compiling uartps"
"Compiling xadcps"
"Compiling cpu_cortexa9"
Running execs_generate.
'Finished building libraries'
09:50:54 **** Build of configuration Debug for project HelloWorld ****
make all 
'Building file: ../src/helloworld.c'
'Invoking: ARM gcc compiler'
arm-xilinx-eabi-gcc -Wall -O0 -g3 -c -fmessage-length=0 -I../../HelloWorld_bsp/ps7_cortexa9_0/include -MMD -MP -MF"src/helloworld.d" -MT"src/helloworld.d" -o "src/helloworld.o" "../src/helloworld.c"
'Finished building: ../src/helloworld.c'
' '
'Building file: ../src/platform.c'
'Invoking: ARM gcc compiler'
arm-xilinx-eabi-gcc -Wall -O0 -g3 -c -fmessage-length=0 -I../../HelloWorld_bsp/ps7_cortexa9_0/include -MMD -MP -MF"src/platform.d" -MT"src/platform.d" -o "src/platform.o" "../src/platform.c"
'Finished building: ../src/platform.c'
' '
'Building target: HelloWorld.elf'
'Invoking: ARM gcc linker'
arm-xilinx-eabi-gcc -Wl,-T -Wl,../src/lscript.ld -L../../HelloWorld_bsp/ps7_cortexa9_0/lib -o "HelloWorld.elf"  ./src/helloworld.o ./src/platform.o   -Wl,--start-group,-lxil,-lgcc,-lc,--end-group
'Finished building target: HelloWorld.elf'
' '
'Invoking: ARM Print Size'
arm-xilinx-eabi-size HelloWorld.elf  |tee "HelloWorld.elf.size"
   text	   data	    bss	    dec	    hex	filename
  22872	   1096	  29780	  53748	   d1f4	HelloWorld.elf
'Finished building: HelloWorld.elf.size'
' '
09:51:02 **** Incremental Build of configuration Debug for project HelloWorld ****
make all 
make: `all'를 위해 할 일이 없습니다
